main.c:77:6:ADC_Select_CH0	24	static
main.c:89:6:ADC_Select_CH1	24	static
main.c:100:6:ADC_Select_CH2	24	static
main.c:109:6:ADC_Select_CH4	24	static
main.c:119:6:adc	8	static
main.c:144:6:getCurrent	24	static
main.c:148:7:readvoltage	24	static
main.c:159:6:printLCD	8	static
main.c:203:6:getPotVal	24	static
main.c:220:6:init_sys	8	static
main.c:263:5:main	8	static
main.c:378:6:SystemClock_Config	88	static
main.c:420:13:MX_ADC1_Init	24	static
main.c:486:13:MX_I2C1_Init	8	static
main.c:518:13:MX_USART1_UART_Init	8	static
main.c:549:13:MX_GPIO_Init	40	static
main.c:577:6:Error_Handler	4	static,ignoring_inline_asm
