main.c:72:6:shutter_open	8	static
main.c:79:6:shutter_close	8	static
main.c:84:6:shutter_off	8	static
main.c:89:6:side_open	8	static
main.c:96:6:side_close	8	static
main.c:103:6:side_off	8	static
main.c:110:6:platform_rise	8	static
main.c:117:6:platform_down	8	static
main.c:124:6:platform_off	8	static
main.c:136:5:main	8	static
main.c:560:6:SystemClock_Config	88	static
main.c:602:13:MX_USART1_UART_Init	8	static
main.c:633:13:MX_GPIO_Init	56	static
main.c:703:6:Error_Handler	4	static,ignoring_inline_asm
