main.c:92:6:map	24	static
main.c:107:5:main	40	static
main.c:158:6:SystemClock_Config	88	static
main.c:204:13:MX_ADC1_Init	24	static
main.c:259:6:HAL_ADC_ConvCpltCallback	24	static
main.c:269:13:MX_TIM3_Init	64	static
main.c:328:13:MX_USART1_UART_Init	8	static
main.c:359:13:MX_DMA_Init	16	static
main.c:371:6:updateEncoder	16	static
main.c:402:6:EXTI2_IRQHandler	8	static
main.c:418:6:EXTI15_10_IRQHandler	8	static
main.c:436:13:MX_GPIO_Init	40	static
main.c:474:6:Error_Handler	4	static,ignoring_inline_asm
